main.c:83:5:main	24	static
main.c:162:6:SystemClock_Config	88	static
main.c:207:13:MX_TIM1_Init	56	static
main.c:257:13:MX_TIM2_Init	32	static
main.c:302:13:MX_TIM3_Init	64	static
main.c:361:13:MX_USART2_UART_Init	8	static
main.c:394:13:MX_GPIO_Init	48	static
main.c:437:8:encoder_velocity_update	48	static
main.c:470:10:PID_control	72	static
main.c:479:8:pps_to_rpm	24	static
main.c:483:6:HAL_TIM_PeriodElapsedCallback	16	static
main.c:491:6:motor_direction	16	static
main.c:508:10:micros	12	static
main.c:518:6:Error_Handler	4	static,ignoring_inline_asm
