main.c:84:5:main	40	static
main.c:163:6:SystemClock_Config	88	static
main.c:208:13:MX_TIM1_Init	56	static
main.c:258:13:MX_TIM2_Init	32	static
main.c:303:13:MX_TIM3_Init	64	static
main.c:362:13:MX_USART2_UART_Init	8	static
main.c:395:13:MX_GPIO_Init	48	static
main.c:438:8:encoder_velocity_update	48	static
main.c:471:10:PID_control	72	static
main.c:480:8:pps_to_rpm	24	static
main.c:484:6:HAL_TIM_PeriodElapsedCallback	16	static
main.c:492:6:motor_direction	16	static
main.c:509:10:micros	12	static
main.c:519:6:Error_Handler	4	static,ignoring_inline_asm
